\BOOKMARK [0][-]{chapter*.1}{\376\377\000R\000e\000s\000u\000m\000o}{}% 1
\BOOKMARK [0][-]{chapter.1}{\376\377\000I\000n\000t\000r\000o\000d\000u\000\347\000\343\000o}{}% 2
\BOOKMARK [1][-]{section.1.1}{\376\377\000M\000o\000t\000i\000v\000a\000\347\000\343\000o}{chapter.1}% 3
\BOOKMARK [1][-]{section.1.2}{\376\377\000O\000b\000j\000e\000t\000i\000v\000o\000s}{chapter.1}% 4
\BOOKMARK [1][-]{section.1.3}{\376\377\000C\000o\000n\000t\000r\000i\000b\000u\000i\000\347\000\343\000o}{chapter.1}% 5
\BOOKMARK [0][-]{chapter.2}{\376\377\000F\000u\000n\000d\000a\000m\000e\000n\000t\000a\000\347\000\343\000o\000\040\000T\000e\000\363\000r\000i\000c\000a}{}% 6
\BOOKMARK [1][-]{section.2.1}{\376\377\000R\000e\000t\000o\000r\000n\000o\000s\000\040\000F\000i\000n\000a\000n\000c\000e\000i\000r\000o\000s}{chapter.2}% 7
\BOOKMARK [1][-]{section.2.2}{\376\377\000T\000e\000o\000r\000i\000a\000\040\000M\000\351\000d\000i\000a\000-\000V\000a\000r\000i\000\342\000n\000c\000i\000a\000\040\000d\000e\000\040\000M\000a\000r\000k\000o\000w\000i\000t\000z}{chapter.2}% 8
\BOOKMARK [1][-]{section.2.3}{\376\377\000E\000s\000t\000i\000m\000a\000\347\000\343\000o\000\040\000d\000a\000\040\000M\000a\000t\000r\000i\000z\000\040\000d\000e\000\040\000C\000o\000v\000a\000r\000i\000\342\000n\000c\000i\000a}{chapter.2}% 9
\BOOKMARK [1][-]{section.2.4}{\376\377\000\315\000n\000d\000i\000c\000e\000\040\000d\000e\000\040\000S\000h\000a\000r\000p\000e}{chapter.2}% 10
\BOOKMARK [0][-]{chapter.3}{\376\377\000M\000o\000d\000e\000l\000o\000s\000\040\000d\000e\000\040\000A\000p\000r\000e\000n\000d\000i\000z\000a\000d\000o\000\040\000d\000e\000\040\000M\000\341\000q\000u\000i\000n\000a}{}% 11
\BOOKMARK [1][-]{section.3.1}{\376\377\000F\000o\000r\000m\000u\000l\000a\000\347\000\343\000o\000\040\000S\000u\000p\000e\000r\000v\000i\000s\000i\000o\000n\000a\000d\000a}{chapter.3}% 12
\BOOKMARK [1][-]{section.3.2}{\376\377\000M\000\351\000d\000i\000a\000\040\000H\000i\000s\000t\000\363\000r\000i\000c\000a}{chapter.3}% 13
\BOOKMARK [1][-]{section.3.3}{\376\377\000L\000a\000s\000s\000o}{chapter.3}% 14
\BOOKMARK [1][-]{section.3.4}{\376\377\000R\000i\000d\000g\000e}{chapter.3}% 15
\BOOKMARK [1][-]{section.3.5}{\376\377\000E\000l\000a\000s\000t\000i\000c\000\040\000N\000e\000t}{chapter.3}% 16
\BOOKMARK [1][-]{section.3.6}{\376\377\000R\000a\000n\000d\000o\000m\000\040\000F\000o\000r\000e\000s\000t}{chapter.3}% 17
\BOOKMARK [1][-]{section.3.7}{\376\377\000G\000r\000a\000d\000i\000e\000n\000t\000\040\000B\000o\000o\000s\000t\000i\000n\000g\000\040\000e\000\040\000X\000G\000B\000o\000o\000s\000t}{chapter.3}% 18
\BOOKMARK [0][-]{chapter.4}{\376\377\000M\000e\000t\000o\000d\000o\000l\000o\000g\000i\000a}{}% 19
\BOOKMARK [1][-]{section.4.1}{\376\377\000U\000n\000i\000v\000e\000r\000s\000o\000\040\000d\000e\000\040\000A\000t\000i\000v\000o\000s}{chapter.4}% 20
\BOOKMARK [1][-]{section.4.2}{\376\377\000P\000e\000r\000\355\000o\000d\000o\000\040\000A\000m\000o\000s\000t\000r\000a\000l}{chapter.4}% 21
\BOOKMARK [1][-]{section.4.3}{\376\377\000C\000o\000n\000f\000i\000g\000u\000r\000a\000\347\000\343\000o\000\040\000E\000x\000p\000e\000r\000i\000m\000e\000n\000t\000a\000l}{chapter.4}% 22
\BOOKMARK [1][-]{section.4.4}{\376\377\000J\000u\000s\000t\000i\000f\000i\000c\000a\000t\000i\000v\000a\000\040\000d\000o\000s\000\040\000H\000i\000p\000e\000r\000p\000a\000r\000\342\000m\000e\000t\000r\000o\000s}{chapter.4}% 23
\BOOKMARK [1][-]{section.4.5}{\376\377\000A\000l\000g\000o\000r\000i\000t\000m\000o\000\040\000d\000o\000\040\000B\000a\000c\000k\000t\000e\000s\000t}{chapter.4}% 24
\BOOKMARK [1][-]{section.4.6}{\376\377\000B\000e\000n\000c\000h\000m\000a\000r\000k\000s}{chapter.4}% 25
\BOOKMARK [0][-]{chapter.5}{\376\377\000M\000\351\000t\000r\000i\000c\000a\000s\000\040\000d\000e\000\040\000A\000v\000a\000l\000i\000a\000\347\000\343\000o}{}% 26
\BOOKMARK [1][-]{section.5.1}{\376\377\000V\000i\000s\000\343\000o\000\040\000G\000e\000r\000a\000l\000\040\000d\000a\000\040\000A\000v\000a\000l\000i\000a\000\347\000\343\000o}{chapter.5}% 27
\BOOKMARK [1][-]{section.5.2}{\376\377\000R\000e\000t\000o\000r\000n\000o\000\040\000A\000c\000u\000m\000u\000l\000a\000d\000o}{chapter.5}% 28
\BOOKMARK [1][-]{section.5.3}{\376\377\000\315\000n\000d\000i\000c\000e\000\040\000d\000e\000\040\000S\000h\000a\000r\000p\000e}{chapter.5}% 29
\BOOKMARK [1][-]{section.5.4}{\376\377\000M\000\341\000x\000i\000m\000o\000\040\000D\000r\000a\000w\000d\000o\000w\000n}{chapter.5}% 30
\BOOKMARK [1][-]{section.5.5}{\376\377\000T\000u\000r\000n\000o\000v\000e\000r\000\040\000M\000\351\000d\000i\000o}{chapter.5}% 31
\BOOKMARK [1][-]{section.5.6}{\376\377\000P\000e\000s\000o\000s\000\040\000M\000\351\000d\000i\000o\000s\000\040\000e\000\040\000C\000o\000n\000c\000e\000n\000t\000r\000a\000\347\000\343\000o}{chapter.5}% 32
\BOOKMARK [1][-]{section.5.7}{\376\377\000E\000r\000r\000o\000\040\000Q\000u\000a\000d\000r\000\341\000t\000i\000c\000o\000\040\000M\000\351\000d\000i\000o}{chapter.5}% 33
\BOOKMARK [1][-]{section.5.8}{\376\377\000E\000r\000r\000o\000\040\000A\000b\000s\000o\000l\000u\000t\000o\000\040\000M\000\351\000d\000i\000o}{chapter.5}% 34
\BOOKMARK [1][-]{section.5.9}{\376\377\000A\000c\000u\000r\000\341\000c\000i\000a\000\040\000D\000i\000r\000e\000c\000i\000o\000n\000a\000l}{chapter.5}% 35
\BOOKMARK [1][-]{section.5.10}{\376\377\000R\000e\000l\000a\000\347\000\343\000o\000\040\000e\000n\000t\000r\000e\000\040\000M\000\351\000t\000r\000i\000c\000a\000s\000\040\000P\000r\000e\000d\000i\000t\000i\000v\000a\000s\000\040\000e\000\040\000F\000i\000n\000a\000n\000c\000e\000i\000r\000a\000s}{chapter.5}% 36
\BOOKMARK [0][-]{chapter.6}{\376\377\000R\000e\000s\000u\000l\000t\000a\000d\000o\000s}{}% 37
\BOOKMARK [1][-]{section.6.1}{\376\377\000T\000a\000b\000e\000l\000a\000\040\000d\000e\000\040\000P\000e\000r\000f\000o\000r\000m\000a\000n\000c\000e}{chapter.6}% 38
\BOOKMARK [1][-]{section.6.2}{\376\377\000R\000e\000t\000o\000r\000n\000o\000\040\000A\000c\000u\000m\000u\000l\000a\000d\000o}{chapter.6}% 39
\BOOKMARK [1][-]{section.6.3}{\376\377\000D\000r\000a\000w\000d\000o\000w\000n}{chapter.6}% 40
\BOOKMARK [1][-]{section.6.4}{\376\377\000R\000i\000s\000c\000o\000\040\000v\000e\000r\000s\000u\000s\000\040\000R\000e\000t\000o\000r\000n\000o}{chapter.6}% 41
\BOOKMARK [1][-]{section.6.5}{\376\377\000R\000e\000s\000u\000m\000o\000\040\000d\000a\000s\000\040\000M\000\351\000t\000r\000i\000c\000a\000s}{chapter.6}% 42
\BOOKMARK [1][-]{section.6.6}{\376\377\000P\000e\000s\000o\000s\000\040\000M\000\351\000d\000i\000o\000s}{chapter.6}% 43
\BOOKMARK [1][-]{section.6.7}{\376\377\000D\000i\000a\000g\000n\000\363\000s\000t\000i\000c\000o\000s\000\040\000d\000o\000\040\000B\000a\000c\000k\000t\000e\000s\000t}{chapter.6}% 44
\BOOKMARK [0][-]{chapter.7}{\376\377\000D\000i\000s\000c\000u\000s\000s\000\343\000o}{}% 45
\BOOKMARK [0][-]{chapter.8}{\376\377\000L\000i\000m\000i\000t\000a\000\347\000\365\000e\000s\000\040\000e\000\040\000A\000n\000\341\000l\000i\000s\000e\000s\000\040\000d\000e\000\040\000R\000o\000b\000u\000s\000t\000e\000z}{}% 46
\BOOKMARK [1][-]{section.8.1}{\376\377\000L\000i\000m\000i\000t\000a\000\347\000\365\000e\000s}{chapter.8}% 47
\BOOKMARK [2][-]{subsection.8.1.1}{\376\377\000P\000e\000r\000\355\000o\000d\000o\000\040\000H\000i\000s\000t\000\363\000r\000i\000c\000o\000\040\000R\000e\000l\000a\000t\000i\000v\000a\000m\000e\000n\000t\000e\000\040\000R\000e\000c\000e\000n\000t\000e}{section.8.1}% 48
\BOOKMARK [2][-]{subsection.8.1.2}{\376\377\000D\000e\000p\000e\000n\000d\000\352\000n\000c\000i\000a\000\040\000d\000o\000s\000\040\000D\000a\000d\000o\000s\000\040\000d\000o\000\040\000Y\000a\000h\000o\000o\000\040\000F\000i\000n\000a\000n\000c\000e}{section.8.1}% 49
\BOOKMARK [2][-]{subsection.8.1.3}{\376\377\000N\000\372\000m\000e\000r\000o\000\040\000L\000i\000m\000i\000t\000a\000d\000o\000\040\000d\000e\000\040\000A\000t\000i\000v\000o\000s}{section.8.1}% 50
\BOOKMARK [2][-]{subsection.8.1.4}{\376\377\000A\000u\000s\000\352\000n\000c\000i\000a\000\040\000d\000e\000\040\000V\000a\000r\000i\000\341\000v\000e\000i\000s\000\040\000M\000a\000c\000r\000o\000e\000c\000o\000n\000\364\000m\000i\000c\000a\000s\000\040\000e\000\040\000F\000a\000t\000o\000r\000e\000s\000\040\000d\000e\000\040\000M\000e\000r\000c\000a\000d\000o}{section.8.1}% 51
\BOOKMARK [2][-]{subsection.8.1.5}{\376\377\000H\000i\000p\000e\000r\000p\000a\000r\000\342\000m\000e\000t\000r\000o\000s\000\040\000F\000i\000x\000o\000s\000\040\000n\000o\000\040\000E\000x\000p\000e\000r\000i\000m\000e\000n\000t\000o\000\040\000P\000r\000i\000n\000c\000i\000p\000a\000l}{section.8.1}% 52
\BOOKMARK [2][-]{subsection.8.1.6}{\376\377\000C\000u\000s\000t\000o\000\040\000d\000e\000\040\000T\000r\000a\000n\000s\000a\000\347\000\343\000o\000\040\000S\000i\000m\000p\000l\000i\000f\000i\000c\000a\000d\000o}{section.8.1}% 53
\BOOKMARK [2][-]{subsection.8.1.7}{\376\377\000A\000t\000r\000i\000b\000u\000t\000o\000s\000\040\000B\000a\000s\000e\000a\000d\000o\000s\000\040\000A\000p\000e\000n\000a\000s\000\040\000e\000m\000\040\000R\000e\000t\000o\000r\000n\000o\000s}{section.8.1}% 54
\BOOKMARK [2][-]{subsection.8.1.8}{\376\377\000R\000i\000s\000c\000o\000\040\000d\000e\000\040\000S\000o\000b\000r\000e\000a\000j\000u\000s\000t\000e\000\040\000e\000\040\000N\000\343\000o\000\040\000E\000s\000t\000a\000c\000i\000o\000n\000a\000r\000i\000e\000d\000a\000d\000e}{section.8.1}% 55
\BOOKMARK [1][-]{section.8.2}{\376\377\000A\000n\000\341\000l\000i\000s\000e\000s\000\040\000d\000e\000\040\000R\000o\000b\000u\000s\000t\000e\000z\000\040\000R\000e\000c\000o\000m\000e\000n\000d\000a\000d\000a\000s}{chapter.8}% 56
\BOOKMARK [2][-]{subsection.8.2.1}{\376\377\000V\000a\000r\000i\000a\000\347\000\343\000o\000\040\000d\000o\000\040\000P\000a\000r\000\342\000m\000e\000t\000r\000o\000\040\000d\000e\000\040\000A\000v\000e\000r\000s\000\343\000o\000\040\000a\000\040\000R\000i\000s\000c\000o}{section.8.2}% 57
\BOOKMARK [2][-]{subsection.8.2.2}{\376\377\000V\000a\000r\000i\000a\000\347\000\343\000o\000\040\000d\000a\000\040\000R\000e\000g\000u\000l\000a\000r\000i\000z\000a\000\347\000\343\000o\000\040\000d\000o\000s\000\040\000P\000e\000s\000o\000s}{section.8.2}% 58
\BOOKMARK [2][-]{subsection.8.2.3}{\376\377\000J\000a\000n\000e\000l\000a\000s\000\040\000d\000e\000\040\000T\000r\000e\000i\000n\000o\000\040\000A\000l\000t\000e\000r\000n\000a\000t\000i\000v\000a\000s}{section.8.2}% 59
\BOOKMARK [2][-]{subsection.8.2.4}{\376\377\000U\000n\000i\000v\000e\000r\000s\000o\000s\000\040\000d\000e\000\040\000A\000t\000i\000v\000o\000s\000\040\000D\000i\000f\000e\000r\000e\000n\000t\000e\000s}{section.8.2}% 60
\BOOKMARK [2][-]{subsection.8.2.5}{\376\377\000D\000i\000f\000e\000r\000e\000n\000t\000e\000s\000\040\000N\000\355\000v\000e\000i\000s\000\040\000d\000e\000\040\000C\000u\000s\000t\000o\000\040\000d\000e\000\040\000T\000r\000a\000n\000s\000a\000\347\000\343\000o}{section.8.2}% 61
\BOOKMARK [2][-]{subsection.8.2.6}{\376\377\000C\000o\000m\000p\000a\000r\000a\000\347\000\343\000o\000\040\000e\000n\000t\000r\000e\000\040\000E\000s\000t\000i\000m\000a\000d\000o\000r\000e\000s\000\040\000d\000e\000\040\000C\000o\000v\000a\000r\000i\000\342\000n\000c\000i\000a}{section.8.2}% 62
\BOOKMARK [2][-]{subsection.8.2.7}{\376\377\000C\000o\000m\000p\000a\000r\000a\000\347\000\343\000o\000\040\000c\000o\000m\000\040\000B\000e\000n\000c\000h\000m\000a\000r\000k\000s\000\040\000A\000d\000i\000c\000i\000o\000n\000a\000i\000s}{section.8.2}% 63
\BOOKMARK [1][-]{section.8.3}{\376\377\000S\000\355\000n\000t\000e\000s\000e\000\040\000d\000a\000\040\000R\000o\000b\000u\000s\000t\000e\000z}{chapter.8}% 64
\BOOKMARK [0][-]{chapter.9}{\376\377\000C\000o\000n\000c\000l\000u\000s\000\343\000o}{}% 65
